[      36ms] [ERROR] Failed to load resource: the server responded with a status of 404 (File not found) @ http://localhost:8731/Bio%20and%20pannel/Bio%20and%20pannel/Fotos/foto-5.png:0
[     329ms] [WARNING] cdn.tailwindcss.com should not be used in production. To use Tailwind CSS in production, install it as a PostCSS plugin or use the Tailwind CLI: https://tailwindcss.com/docs/installation @ https://cdn.tailwindcss.com/:63
[     466ms] [ERROR] Failed to load resource: the server responded with a status of 404 (File not found) @ http://localhost:8731/Bio%20and%20pannel/Bio%20and%20pannel/Fotos/foto-5.png:0
[     603ms] [ERROR] Failed to load resource: the server responded with a status of 404 (File not found) @ http://localhost:8731/Bio%20and%20pannel/Bio%20and%20pannel/Fotos/foto-5.png:0
[    1506ms] [ERROR] Failed to load resource: the server responded with a status of 404 (File not found) @ http://localhost:8731/Bio%20and%20pannel/Bio%20and%20pannel/Fotos/foto-5.png:0
[   28002ms] [ERROR] Failed to load resource: the server responded with a status of 404 (File not found) @ http://localhost:8731/Bio%20and%20pannel/Bio%20and%20pannel/Fotos/foto-5.png:0
[   60763ms] [ERROR] Failed to load resource: the server responded with a status of 404 (File not found) @ http://localhost:8731/Bio%20and%20pannel/Bio%20and%20pannel/Fotos/foto-5.png:0
[   81613ms] [ERROR] Failed to load resource: the server responded with a status of 404 (File not found) @ http://localhost:8731/Bio%20and%20pannel/Bio%20and%20pannel/Fotos/foto-5.png:0
[   82176ms] [ERROR] Failed to load resource: the server responded with a status of 404 (File not found) @ http://localhost:8731/Bio%20and%20pannel/Bio%20and%20pannel/Fotos/foto-5.png:0
[   82701ms] [ERROR] Failed to load resource: the server responded with a status of 404 (File not found) @ http://localhost:8731/Bio%20and%20pannel/Bio%20and%20pannel/Fotos/foto-5.png:0
[   83175ms] [ERROR] Failed to load resource: the server responded with a status of 404 (File not found) @ http://localhost:8731/Bio%20and%20pannel/Bio%20and%20pannel/Fotos/foto-5.png:0
[   84285ms] [ERROR] Failed to load resource: the server responded with a status of 404 (File not found) @ http://localhost:8731/Bio%20and%20pannel/Bio%20and%20pannel/Fotos/foto-5.png:0
[   85100ms] [ERROR] Failed to load resource: the server responded with a status of 404 (File not found) @ http://localhost:8731/Bio%20and%20pannel/Bio%20and%20pannel/Fotos/foto-5.png:0
[   86630ms] [ERROR] Failed to load resource: the server responded with a status of 404 (File not found) @ http://localhost:8731/Bio%20and%20pannel/Bio%20and%20pannel/Fotos/foto-5.png:0
[   87452ms] [ERROR] Failed to load resource: the server responded with a status of 404 (File not found) @ http://localhost:8731/Bio%20and%20pannel/Bio%20and%20pannel/Fotos/foto-5.png:0
[   89862ms] [ERROR] Failed to load resource: the server responded with a status of 404 (File not found) @ http://localhost:8731/Bio%20and%20pannel/Bio%20and%20pannel/Fotos/foto-5.png:0
[   90817ms] [ERROR] Failed to load resource: the server responded with a status of 404 (File not found) @ http://localhost:8731/Bio%20and%20pannel/Bio%20and%20pannel/Fotos/foto-5.png:0
[   94929ms] [ERROR] Failed to load resource: the server responded with a status of 404 (File not found) @ http://localhost:8731/Bio%20and%20pannel/Bio%20and%20pannel/Fotos/foto-5.png:0
[   99897ms] [ERROR] Failed to load resource: the server responded with a status of 404 (File not found) @ http://localhost:8731/Bio%20and%20pannel/Bio%20and%20pannel/Fotos/foto-5.png:0
[  100412ms] [ERROR] Failed to load resource: the server responded with a status of 404 (File not found) @ http://localhost:8731/Bio%20and%20pannel/Bio%20and%20pannel/Fotos/foto-5.png:0
[  101004ms] [ERROR] Failed to load resource: the server responded with a status of 404 (File not found) @ http://localhost:8731/Bio%20and%20pannel/Bio%20and%20pannel/Fotos/foto-5.png:0
[  101402ms] [ERROR] Failed to load resource: the server responded with a status of 404 (File not found) @ http://localhost:8731/Bio%20and%20pannel/Bio%20and%20pannel/Fotos/foto-5.png:0
[  101932ms] [ERROR] Failed to load resource: the server responded with a status of 404 (File not found) @ http://localhost:8731/Bio%20and%20pannel/Bio%20and%20pannel/Fotos/foto-5.png:0
[  102313ms] [ERROR] Failed to load resource: the server responded with a status of 404 (File not found) @ http://localhost:8731/Bio%20and%20pannel/Bio%20and%20pannel/Fotos/foto-5.png:0
[  102744ms] [ERROR] Failed to load resource: the server responded with a status of 404 (File not found) @ http://localhost:8731/Bio%20and%20pannel/Bio%20and%20pannel/Fotos/foto-5.png:0
[  103435ms] [ERROR] Failed to load resource: the server responded with a status of 404 (File not found) @ http://localhost:8731/Bio%20and%20pannel/Bio%20and%20pannel/Fotos/foto-5.png:0
[  103954ms] [ERROR] Failed to load resource: the server responded with a status of 404 (File not found) @ http://localhost:8731/Bio%20and%20pannel/Bio%20and%20pannel/Fotos/foto-5.png:0
[  104519ms] [ERROR] Failed to load resource: the server responded with a status of 404 (File not found) @ http://localhost:8731/Bio%20and%20pannel/Bio%20and%20pannel/Fotos/foto-5.png:0
[  106161ms] [ERROR] Failed to load resource: the server responded with a status of 404 (File not found) @ http://localhost:8731/Bio%20and%20pannel/Bio%20and%20pannel/Fotos/foto-5.png:0
[  106912ms] [ERROR] Failed to load resource: the server responded with a status of 404 (File not found) @ http://localhost:8731/Bio%20and%20pannel/Bio%20and%20pannel/Fotos/foto-5.png:0
[  108249ms] [ERROR] Failed to load resource: the server responded with a status of 404 (File not found) @ http://localhost:8731/Bio%20and%20pannel/Bio%20and%20pannel/Fotos/foto-5.png:0
[  109041ms] [ERROR] Failed to load resource: the server responded with a status of 404 (File not found) @ http://localhost:8731/Bio%20and%20pannel/Bio%20and%20pannel/Fotos/foto-5.png:0
[  110261ms] [ERROR] Failed to load resource: the server responded with a status of 404 (File not found) @ http://localhost:8731/Bio%20and%20pannel/Bio%20and%20pannel/Fotos/foto-5.png:0
[  120739ms] [ERROR] Failed to load resource: the server responded with a status of 404 (File not found) @ http://localhost:8731/Bio%20and%20pannel/Bio%20and%20pannel/Fotos/foto-5.png:0
[  131049ms] [ERROR] Failed to load resource: the server responded with a status of 404 (File not found) @ http://localhost:8731/Bio%20and%20pannel/Bio%20and%20pannel/Fotos/foto-5.png:0
[  133983ms] [ERROR] Failed to load resource: the server responded with a status of 404 (File not found) @ http://localhost:8731/Bio%20and%20pannel/Bio%20and%20pannel/Fotos/foto-5.png:0
[  134494ms] [ERROR] Failed to load resource: the server responded with a status of 404 (File not found) @ http://localhost:8731/Bio%20and%20pannel/Bio%20and%20pannel/Fotos/foto-5.png:0
[  134911ms] [ERROR] Failed to load resource: the server responded with a status of 404 (File not found) @ http://localhost:8731/Bio%20and%20pannel/Bio%20and%20pannel/Fotos/foto-5.png:0
[  135462ms] [ERROR] Failed to load resource: the server responded with a status of 404 (File not found) @ http://localhost:8731/Bio%20and%20pannel/Bio%20and%20pannel/Fotos/foto-5.png:0
[  135809ms] [ERROR] Failed to load resource: the server responded with a status of 404 (File not found) @ http://localhost:8731/Bio%20and%20pannel/Bio%20and%20pannel/Fotos/foto-5.png:0
[  135967ms] [ERROR] Failed to load resource: the server responded with a status of 404 (File not found) @ http://localhost:8731/Bio%20and%20pannel/Bio%20and%20pannel/Fotos/foto-5.png:0
[  136128ms] [ERROR] Failed to load resource: the server responded with a status of 404 (File not found) @ http://localhost:8731/Bio%20and%20pannel/Bio%20and%20pannel/Fotos/foto-5.png:0
[  136343ms] [ERROR] Failed to load resource: the server responded with a status of 404 (File not found) @ http://localhost:8731/Bio%20and%20pannel/Bio%20and%20pannel/Fotos/foto-5.png:0
[  136459ms] [ERROR] Failed to load resource: the server responded with a status of 404 (File not found) @ http://localhost:8731/Bio%20and%20pannel/Bio%20and%20pannel/Fotos/foto-5.png:0
[  136592ms] [ERROR] Failed to load resource: the server responded with a status of 404 (File not found) @ http://localhost:8731/Bio%20and%20pannel/Bio%20and%20pannel/Fotos/foto-5.png:0
[  137192ms] [ERROR] Failed to load resource: the server responded with a status of 404 (File not found) @ http://localhost:8731/Bio%20and%20pannel/Bio%20and%20pannel/Fotos/foto-5.png:0
[  137376ms] [ERROR] Failed to load resource: the server responded with a status of 404 (File not found) @ http://localhost:8731/Bio%20and%20pannel/Bio%20and%20pannel/Fotos/foto-5.png:0
[  137510ms] [ERROR] Failed to load resource: the server responded with a status of 404 (File not found) @ http://localhost:8731/Bio%20and%20pannel/Bio%20and%20pannel/Fotos/foto-5.png:0
[  137737ms] [ERROR] Failed to load resource: the server responded with a status of 404 (File not found) @ http://localhost:8731/Bio%20and%20pannel/Bio%20and%20pannel/Fotos/foto-5.png:0
[  137901ms] [ERROR] Failed to load resource: the server responded with a status of 404 (File not found) @ http://localhost:8731/Bio%20and%20pannel/Bio%20and%20pannel/Fotos/foto-5.png:0
[  138009ms] [ERROR] Failed to load resource: the server responded with a status of 404 (File not found) @ http://localhost:8731/Bio%20and%20pannel/Bio%20and%20pannel/Fotos/foto-5.png:0
[  138184ms] [ERROR] Failed to load resource: the server responded with a status of 404 (File not found) @ http://localhost:8731/Bio%20and%20pannel/Bio%20and%20pannel/Fotos/foto-5.png:0
[  138346ms] [ERROR] Failed to load resource: the server responded with a status of 404 (File not found) @ http://localhost:8731/Bio%20and%20pannel/Bio%20and%20pannel/Fotos/foto-5.png:0
[  138518ms] [ERROR] Failed to load resource: the server responded with a status of 404 (File not found) @ http://localhost:8731/Bio%20and%20pannel/Bio%20and%20pannel/Fotos/foto-5.png:0
[  152578ms] [ERROR] Failed to load resource: the server responded with a status of 404 (File not found) @ http://localhost:8731/Bio%20and%20pannel/Bio%20and%20pannel/Fotos/foto-5.png:0
[  181027ms] [ERROR] Failed to load resource: the server responded with a status of 404 (File not found) @ http://localhost:8731/Bio%20and%20pannel/Bio%20and%20pannel/Fotos/foto-5.png:0
[  232698ms] [ERROR] Failed to load resource: the server responded with a status of 404 (File not found) @ http://localhost:8731/Bio%20and%20pannel/Bio%20and%20pannel/Fotos/foto-5.png:0
[  241025ms] [ERROR] Failed to load resource: the server responded with a status of 404 (File not found) @ http://localhost:8731/Bio%20and%20pannel/Bio%20and%20pannel/Fotos/foto-5.png:0
[  287249ms] [ERROR] Failed to load resource: the server responded with a status of 404 (File not found) @ http://localhost:8731/Bio%20and%20pannel/Bio%20and%20pannel/Fotos/foto-5.png:0
[  300784ms] [ERROR] Failed to load resource: the server responded with a status of 404 (File not found) @ http://localhost:8731/Bio%20and%20pannel/Bio%20and%20pannel/Fotos/foto-5.png:0
