[      31ms] [ERROR] Failed to load resource: the server responded with a status of 404 (File not found) @ http://localhost:8899/Bio%20and%20pannel/Fotos/foto-5.png:0
[      83ms] [WARNING] cdn.tailwindcss.com should not be used in production. To use Tailwind CSS in production, install it as a PostCSS plugin or use the Tailwind CLI: https://tailwindcss.com/docs/installation @ https://cdn.tailwindcss.com/:63
[     178ms] [ERROR] Failed to load resource: the server responded with a status of 404 (File not found) @ http://localhost:8899/Bio%20and%20pannel/Fotos/foto-5.png:0
[     291ms] [ERROR] Failed to load resource: the server responded with a status of 404 (File not found) @ http://localhost:8899/Bio%20and%20pannel/Fotos/foto-5.png:0
[     876ms] [ERROR] Failed to load resource: the server responded with a status of 404 (File not found) @ http://localhost:8899/Bio%20and%20pannel/Fotos/foto-5.png:0
[   60449ms] [ERROR] Failed to load resource: the server responded with a status of 404 (File not found) @ http://localhost:8899/Bio%20and%20pannel/Fotos/foto-5.png:0
[  120609ms] [ERROR] Failed to load resource: the server responded with a status of 404 (File not found) @ http://localhost:8899/Bio%20and%20pannel/Fotos/foto-5.png:0
[  132123ms] [ERROR] Failed to load resource: the server responded with a status of 404 (File not found) @ http://localhost:8899/Bio%20and%20pannel/Fotos/foto-5.png:0
[  132124ms] [ERROR] Failed to load resource: the server responded with a status of 404 (File not found) @ http://localhost:8899/Fotos/foto-5.pngteste-foco:0
[  149416ms] [ERROR] Failed to load resource: the server responded with a status of 404 (File not found) @ http://localhost:8899/Bio%20and%20pannel/Fotos/foto-5.png:0
[  180470ms] [ERROR] Failed to load resource: the server responded with a status of 404 (File not found) @ http://localhost:8899/Bio%20and%20pannel/Fotos/foto-5.png:0
[  240493ms] [ERROR] Failed to load resource: the server responded with a status of 404 (File not found) @ http://localhost:8899/Bio%20and%20pannel/Fotos/foto-5.png:0
[  285506ms] [ERROR] Failed to load resource: the server responded with a status of 404 (File not found) @ http://localhost:8899/Bio%20and%20pannel/Fotos/foto-5.png:0
[  300483ms] [ERROR] Failed to load resource: the server responded with a status of 404 (File not found) @ http://localhost:8899/Bio%20and%20pannel/Fotos/foto-5.png:0
[  360501ms] [ERROR] Failed to load resource: the server responded with a status of 404 (File not found) @ http://localhost:8899/Bio%20and%20pannel/Fotos/foto-5.png:0
[  413945ms] [ERROR] Failed to load resource: the server responded with a status of 404 (File not found) @ http://localhost:8899/Bio%20and%20pannel/Fotos/foto-5.png:0
[  420444ms] [ERROR] Failed to load resource: the server responded with a status of 404 (File not found) @ http://localhost:8899/Bio%20and%20pannel/Fotos/foto-5.png:0
[  480443ms] [ERROR] Failed to load resource: the server responded with a status of 404 (File not found) @ http://localhost:8899/Bio%20and%20pannel/Fotos/foto-5.png:0
[  540453ms] [ERROR] Failed to load resource: the server responded with a status of 404 (File not found) @ http://localhost:8899/Bio%20and%20pannel/Fotos/foto-5.png:0
[  600685ms] [ERROR] Failed to load resource: the server responded with a status of 404 (File not found) @ http://localhost:8899/Bio%20and%20pannel/Fotos/foto-5.png:0
[  629258ms] [ERROR] Failed to load resource: the server responded with a status of 404 (File not found) @ http://localhost:8899/Bio%20and%20pannel/Fotos/foto-5.png:0
[  656002ms] [ERROR] Failed to load resource: the server responded with a status of 404 (File not found) @ http://localhost:8899/Bio%20and%20pannel/Fotos/foto-5.png:0
[  656018ms] [ERROR] Failed to load resource: the server responded with a status of 404 (File not found) @ http://localhost:8899/Bio%20and%20pannel/Fotos/foto-5.png:0
[  660451ms] [ERROR] Failed to load resource: the server responded with a status of 404 (File not found) @ http://localhost:8899/Bio%20and%20pannel/Fotos/foto-5.png:0
[  720597ms] [ERROR] Failed to load resource: the server responded with a status of 404 (File not found) @ http://localhost:8899/Bio%20and%20pannel/Fotos/foto-5.png:0
[  780696ms] [ERROR] Failed to load resource: the server responded with a status of 404 (File not found) @ http://localhost:8899/Bio%20and%20pannel/Fotos/foto-5.png:0
