[      29ms] [WARNING] cdn.tailwindcss.com should not be used in production. To use Tailwind CSS in production, install it as a PostCSS plugin or use the Tailwind CLI: https://tailwindcss.com/docs/installation @ https://cdn.tailwindcss.com/:63
[      74ms] [ERROR] Failed to load resource: the server responded with a status of 404 (File not found) @ http://localhost:8901/Bio%20and%20pannel/Fotos/foto-5.png:0
[     113ms] [ERROR] Failed to load resource: the server responded with a status of 404 (File not found) @ http://localhost:8901/Bio%20and%20pannel/Fotos/foto-5.png:0
[     155ms] [ERROR] Failed to load resource: the server responded with a status of 404 (File not found) @ http://localhost:8901/Bio%20and%20pannel/Fotos/foto-5.png:0
[     336ms] [ERROR] Failed to load resource: the server responded with a status of 404 (File not found) @ http://localhost:8901/Bio%20and%20pannel/Fotos/foto-5.png:0
[    9325ms] [ERROR] Failed to load resource: the server responded with a status of 404 (File not found) @ http://localhost:8901/Bio%20and%20pannel/Fotos/foto-5.png:0
[    9470ms] [ERROR] Failed to load resource: the server responded with a status of 404 (File not found) @ http://localhost:8901/Bio%20and%20pannel/Fotos/foto-5.png:0
[    9624ms] [ERROR] Failed to load resource: the server responded with a status of 404 (File not found) @ http://localhost:8901/Bio%20and%20pannel/Fotos/foto-5.png:0
[    9780ms] [ERROR] Failed to load resource: the server responded with a status of 404 (File not found) @ http://localhost:8901/Bio%20and%20pannel/Fotos/foto-5.png:0
[    9936ms] [ERROR] Failed to load resource: the server responded with a status of 404 (File not found) @ http://localhost:8901/Bio%20and%20pannel/Fotos/foto-5.png:0
[   10092ms] [ERROR] Failed to load resource: the server responded with a status of 404 (File not found) @ http://localhost:8901/Bio%20and%20pannel/Fotos/foto-5.png:0
[   10248ms] [ERROR] Failed to load resource: the server responded with a status of 404 (File not found) @ http://localhost:8901/Bio%20and%20pannel/Fotos/foto-5.png:0
[   10404ms] [ERROR] Failed to load resource: the server responded with a status of 404 (File not found) @ http://localhost:8901/Bio%20and%20pannel/Fotos/foto-5.png:0
[   10560ms] [ERROR] Failed to load resource: the server responded with a status of 404 (File not found) @ http://localhost:8901/Bio%20and%20pannel/Fotos/foto-5.png:0
[   30295ms] [ERROR] Failed to load resource: the server responded with a status of 404 (File not found) @ http://localhost:8901/Bio%20and%20pannel/Fotos/foto-5.png:0
[   30475ms] [ERROR] Failed to load resource: the server responded with a status of 404 (File not found) @ http://localhost:8901/Bio%20and%20pannel/Fotos/foto-5.png:0
[   60333ms] [ERROR] Failed to load resource: the server responded with a status of 404 (File not found) @ http://localhost:8901/Bio%20and%20pannel/Fotos/foto-5.png:0
[   61134ms] [ERROR] Failed to load resource: the server responded with a status of 404 (File not found) @ http://localhost:8901/Bio%20and%20pannel/Fotos/foto-5.png:0
[   61139ms] [WARNING] cdn.tailwindcss.com should not be used in production. To use Tailwind CSS in production, install it as a PostCSS plugin or use the Tailwind CLI: https://tailwindcss.com/docs/installation @ https://cdn.tailwindcss.com/:63
[   61215ms] [ERROR] Failed to load resource: the server responded with a status of 404 (File not found) @ http://localhost:8901/Bio%20and%20pannel/Fotos/foto-5.png:0
[   61256ms] [ERROR] Failed to load resource: the server responded with a status of 404 (File not found) @ http://localhost:8901/Bio%20and%20pannel/Fotos/foto-5.png:0
[   61418ms] [ERROR] Failed to load resource: the server responded with a status of 404 (File not found) @ http://localhost:8901/Bio%20and%20pannel/Fotos/foto-5.png:0
[  121455ms] [ERROR] Failed to load resource: the server responded with a status of 404 (File not found) @ http://localhost:8901/Bio%20and%20pannel/Fotos/foto-5.png:0
[  181424ms] [ERROR] Failed to load resource: the server responded with a status of 404 (File not found) @ http://localhost:8901/Bio%20and%20pannel/Fotos/foto-5.png:0
[  227278ms] [ERROR] Failed to load resource: the server responded with a status of 404 (File not found) @ http://localhost:8901/Bio%20and%20pannel/Fotos/foto-5.png:0
[  233392ms] [ERROR] Failed to load resource: the server responded with a status of 404 (File not found) @ http://localhost:8901/Bio%20and%20pannel/Fotos/foto-5.png:0
[  237426ms] [ERROR] Failed to load resource: the server responded with a status of 404 (File not found) @ http://localhost:8901/Bio%20and%20pannel/Fotos/foto-5.png:0
[  238798ms] [ERROR] Failed to load resource: the server responded with a status of 404 (File not found) @ http://localhost:8901/Bio%20and%20pannel/Fotos/foto-5.png:0
[  240366ms] [ERROR] Failed to load resource: the server responded with a status of 404 (File not found) @ http://localhost:8901/Bio%20and%20pannel/Fotos/foto-5.png:0
[  241417ms] [ERROR] Failed to load resource: the server responded with a status of 404 (File not found) @ http://localhost:8901/Bio%20and%20pannel/Fotos/foto-5.png:0
[  242790ms] [ERROR] Failed to load resource: the server responded with a status of 404 (File not found) @ http://localhost:8901/Bio%20and%20pannel/Fotos/foto-5.png:0
[  243173ms] [ERROR] Failed to load resource: the server responded with a status of 404 (File not found) @ http://localhost:8901/Bio%20and%20pannel/Fotos/foto-5.png:0
[  243259ms] [ERROR] Failed to load resource: the server responded with a status of 404 (File not found) @ http://localhost:8901/Bio%20and%20pannel/Fotos/foto-5.png:0
[  243269ms] [ERROR] Failed to load resource: the server responded with a status of 404 (File not found) @ http://localhost:8901/Bio%20and%20pannel/Fotos/foto-5.png:0
[  243291ms] [ERROR] Failed to load resource: the server responded with a status of 404 (File not found) @ http://localhost:8901/Bio%20and%20pannel/Fotos/foto-5.png:0
[  243302ms] [ERROR] Failed to load resource: the server responded with a status of 404 (File not found) @ http://localhost:8901/Bio%20and%20pannel/Fotos/foto-5.png:0
[  243307ms] [ERROR] Failed to load resource: the server responded with a status of 404 (File not found) @ http://localhost:8901/Bio%20and%20pannel/Fotos/foto-5.png:0
[  243316ms] [ERROR] Failed to load resource: the server responded with a status of 404 (File not found) @ http://localhost:8901/Bio%20and%20pannel/Fotos/foto-5.png:0
[  243332ms] [ERROR] Failed to load resource: the server responded with a status of 404 (File not found) @ http://localhost:8901/Bio%20and%20pannel/Fotos/foto-5.png:0
[  243347ms] [ERROR] Failed to load resource: the server responded with a status of 404 (File not found) @ http://localhost:8901/Bio%20and%20pannel/Fotos/foto-5.png:0
[  243363ms] [ERROR] Failed to load resource: the server responded with a status of 404 (File not found) @ http://localhost:8901/Bio%20and%20pannel/Fotos/foto-5.png:0
[  243371ms] [ERROR] Failed to load resource: the server responded with a status of 404 (File not found) @ http://localhost:8901/Bio%20and%20pannel/Fotos/foto-5.png:0
[  243427ms] [ERROR] Failed to load resource: the server responded with a status of 404 (File not found) @ http://localhost:8901/Bio%20and%20pannel/Fotos/foto-5.png:0
[  243443ms] [ERROR] Failed to load resource: the server responded with a status of 404 (File not found) @ http://localhost:8901/Bio%20and%20pannel/Fotos/foto-5.png:0
[  243452ms] [ERROR] Failed to load resource: the server responded with a status of 404 (File not found) @ http://localhost:8901/Bio%20and%20pannel/Fotos/foto-5.png:0
[  243460ms] [ERROR] Failed to load resource: the server responded with a status of 404 (File not found) @ http://localhost:8901/Bio%20and%20pannel/Fotos/foto-5.png:0
[  243469ms] [ERROR] Failed to load resource: the server responded with a status of 404 (File not found) @ http://localhost:8901/Bio%20and%20pannel/Fotos/foto-5.png:0
[  243478ms] [ERROR] Failed to load resource: the server responded with a status of 404 (File not found) @ http://localhost:8901/Bio%20and%20pannel/Fotos/foto-5.png:0
[  243485ms] [ERROR] Failed to load resource: the server responded with a status of 404 (File not found) @ http://localhost:8901/Bio%20and%20pannel/Fotos/foto-5.png:0
[  243493ms] [ERROR] Failed to load resource: the server responded with a status of 404 (File not found) @ http://localhost:8901/Bio%20and%20pannel/Fotos/foto-5.png:0
[  243502ms] [ERROR] Failed to load resource: the server responded with a status of 404 (File not found) @ http://localhost:8901/Bio%20and%20pannel/Fotos/foto-5.png:0
[  243511ms] [ERROR] Failed to load resource: the server responded with a status of 404 (File not found) @ http://localhost:8901/Bio%20and%20pannel/Fotos/foto-5.png:0
[  243516ms] [ERROR] Failed to load resource: the server responded with a status of 404 (File not found) @ http://localhost:8901/Bio%20and%20pannel/Fotos/foto-5.png:0
[  243524ms] [ERROR] Failed to load resource: the server responded with a status of 404 (File not found) @ http://localhost:8901/Bio%20and%20pannel/Fotos/foto-5.png:0
[  243532ms] [ERROR] Failed to load resource: the server responded with a status of 404 (File not found) @ http://localhost:8901/Bio%20and%20pannel/Fotos/foto-5.png:0
[  243541ms] [ERROR] Failed to load resource: the server responded with a status of 404 (File not found) @ http://localhost:8901/Bio%20and%20pannel/Fotos/foto-5.png:0
[  243549ms] [ERROR] Failed to load resource: the server responded with a status of 404 (File not found) @ http://localhost:8901/Bio%20and%20pannel/Fotos/foto-5.png:0
[  243557ms] [ERROR] Failed to load resource: the server responded with a status of 404 (File not found) @ http://localhost:8901/Bio%20and%20pannel/Fotos/foto-5.png:0
[  243565ms] [ERROR] Failed to load resource: the server responded with a status of 404 (File not found) @ http://localhost:8901/Bio%20and%20pannel/Fotos/foto-5.png:0
[  243574ms] [ERROR] Failed to load resource: the server responded with a status of 404 (File not found) @ http://localhost:8901/Bio%20and%20pannel/Fotos/foto-5.png:0
[  243582ms] [ERROR] Failed to load resource: the server responded with a status of 404 (File not found) @ http://localhost:8901/Bio%20and%20pannel/Fotos/foto-5.png:0
[  243590ms] [ERROR] Failed to load resource: the server responded with a status of 404 (File not found) @ http://localhost:8901/Bio%20and%20pannel/Fotos/foto-5.png:0
[  243598ms] [ERROR] Failed to load resource: the server responded with a status of 404 (File not found) @ http://localhost:8901/Bio%20and%20pannel/Fotos/foto-5.png:0
[  243603ms] [ERROR] Failed to load resource: the server responded with a status of 404 (File not found) @ http://localhost:8901/Bio%20and%20pannel/Fotos/foto-5.png:0
[  243611ms] [ERROR] Failed to load resource: the server responded with a status of 404 (File not found) @ http://localhost:8901/Bio%20and%20pannel/Fotos/foto-5.png:0
[  243620ms] [ERROR] Failed to load resource: the server responded with a status of 404 (File not found) @ http://localhost:8901/Bio%20and%20pannel/Fotos/foto-5.png:0
[  243629ms] [ERROR] Failed to load resource: the server responded with a status of 404 (File not found) @ http://localhost:8901/Bio%20and%20pannel/Fotos/foto-5.png:0
[  243637ms] [ERROR] Failed to load resource: the server responded with a status of 404 (File not found) @ http://localhost:8901/Bio%20and%20pannel/Fotos/foto-5.png:0
[  243645ms] [ERROR] Failed to load resource: the server responded with a status of 404 (File not found) @ http://localhost:8901/Bio%20and%20pannel/Fotos/foto-5.png:0
[  243659ms] [ERROR] Failed to load resource: the server responded with a status of 404 (File not found) @ http://localhost:8901/Bio%20and%20pannel/Fotos/foto-5.png:0
[  243798ms] [ERROR] Failed to load resource: the server responded with a status of 404 (File not found) @ http://localhost:8901/Bio%20and%20pannel/Fotos/foto-5.png:0
[  243811ms] [ERROR] Failed to load resource: the server responded with a status of 404 (File not found) @ http://localhost:8901/Bio%20and%20pannel/Fotos/foto-5.png:0
[  243827ms] [ERROR] Failed to load resource: the server responded with a status of 404 (File not found) @ http://localhost:8901/Bio%20and%20pannel/Fotos/foto-5.png:0
[  243836ms] [ERROR] Failed to load resource: the server responded with a status of 404 (File not found) @ http://localhost:8901/Bio%20and%20pannel/Fotos/foto-5.png:0
[  243844ms] [ERROR] Failed to load resource: the server responded with a status of 404 (File not found) @ http://localhost:8901/Bio%20and%20pannel/Fotos/foto-5.png:0
[  243852ms] [ERROR] Failed to load resource: the server responded with a status of 404 (File not found) @ http://localhost:8901/Bio%20and%20pannel/Fotos/foto-5.png:0
[  243860ms] [ERROR] Failed to load resource: the server responded with a status of 404 (File not found) @ http://localhost:8901/Bio%20and%20pannel/Fotos/foto-5.png:0
[  243990ms] [ERROR] Failed to load resource: the server responded with a status of 404 (File not found) @ http://localhost:8901/Bio%20and%20pannel/Fotos/foto-5.png:0
[  243998ms] [ERROR] Failed to load resource: the server responded with a status of 404 (File not found) @ http://localhost:8901/Bio%20and%20pannel/Fotos/foto-5.png:0
[  244003ms] [ERROR] Failed to load resource: the server responded with a status of 404 (File not found) @ http://localhost:8901/Bio%20and%20pannel/Fotos/foto-5.png:0
[  244014ms] [ERROR] Failed to load resource: the server responded with a status of 404 (File not found) @ http://localhost:8901/Bio%20and%20pannel/Fotos/foto-5.png:0
[  244019ms] [ERROR] Failed to load resource: the server responded with a status of 404 (File not found) @ http://localhost:8901/Bio%20and%20pannel/Fotos/foto-5.png:0
[  244027ms] [ERROR] Failed to load resource: the server responded with a status of 404 (File not found) @ http://localhost:8901/Bio%20and%20pannel/Fotos/foto-5.png:0
[  244036ms] [ERROR] Failed to load resource: the server responded with a status of 404 (File not found) @ http://localhost:8901/Bio%20and%20pannel/Fotos/foto-5.png:0
[  244043ms] [ERROR] Failed to load resource: the server responded with a status of 404 (File not found) @ http://localhost:8901/Bio%20and%20pannel/Fotos/foto-5.png:0
[  244052ms] [ERROR] Failed to load resource: the server responded with a status of 404 (File not found) @ http://localhost:8901/Bio%20and%20pannel/Fotos/foto-5.png:0
[  244060ms] [ERROR] Failed to load resource: the server responded with a status of 404 (File not found) @ http://localhost:8901/Bio%20and%20pannel/Fotos/foto-5.png:0
[  244149ms] [ERROR] Failed to load resource: the server responded with a status of 404 (File not found) @ http://localhost:8901/Bio%20and%20pannel/Fotos/foto-5.png:0
[  244165ms] [ERROR] Failed to load resource: the server responded with a status of 404 (File not found) @ http://localhost:8901/Bio%20and%20pannel/Fotos/foto-5.png:0
[  244182ms] [ERROR] Failed to load resource: the server responded with a status of 404 (File not found) @ http://localhost:8901/Bio%20and%20pannel/Fotos/foto-5.png:0
[  244190ms] [ERROR] Failed to load resource: the server responded with a status of 404 (File not found) @ http://localhost:8901/Bio%20and%20pannel/Fotos/foto-5.png:0
[  244198ms] [ERROR] Failed to load resource: the server responded with a status of 404 (File not found) @ http://localhost:8901/Bio%20and%20pannel/Fotos/foto-5.png:0
[  244203ms] [ERROR] Failed to load resource: the server responded with a status of 404 (File not found) @ http://localhost:8901/Bio%20and%20pannel/Fotos/foto-5.png:0
[  244212ms] [ERROR] Failed to load resource: the server responded with a status of 404 (File not found) @ http://localhost:8901/Bio%20and%20pannel/Fotos/foto-5.png:0
[  244219ms] [ERROR] Failed to load resource: the server responded with a status of 404 (File not found) @ http://localhost:8901/Bio%20and%20pannel/Fotos/foto-5.png:0
[  244227ms] [ERROR] Failed to load resource: the server responded with a status of 404 (File not found) @ http://localhost:8901/Bio%20and%20pannel/Fotos/foto-5.png:0
[  244236ms] [ERROR] Failed to load resource: the server responded with a status of 404 (File not found) @ http://localhost:8901/Bio%20and%20pannel/Fotos/foto-5.png:0
[  244244ms] [ERROR] Failed to load resource: the server responded with a status of 404 (File not found) @ http://localhost:8901/Bio%20and%20pannel/Fotos/foto-5.png:0
[  244252ms] [ERROR] Failed to load resource: the server responded with a status of 404 (File not found) @ http://localhost:8901/Bio%20and%20pannel/Fotos/foto-5.png:0
[  244262ms] [ERROR] Failed to load resource: the server responded with a status of 404 (File not found) @ http://localhost:8901/Bio%20and%20pannel/Fotos/foto-5.png:0
[  244269ms] [ERROR] Failed to load resource: the server responded with a status of 404 (File not found) @ http://localhost:8901/Bio%20and%20pannel/Fotos/foto-5.png:0
[  244278ms] [ERROR] Failed to load resource: the server responded with a status of 404 (File not found) @ http://localhost:8901/Bio%20and%20pannel/Fotos/foto-5.png:0
[  244286ms] [ERROR] Failed to load resource: the server responded with a status of 404 (File not found) @ http://localhost:8901/Bio%20and%20pannel/Fotos/foto-5.png:0
[  244294ms] [ERROR] Failed to load resource: the server responded with a status of 404 (File not found) @ http://localhost:8901/Bio%20and%20pannel/Fotos/foto-5.png:0
[  244333ms] [ERROR] Failed to load resource: the server responded with a status of 404 (File not found) @ http://localhost:8901/Bio%20and%20pannel/Fotos/foto-5.png:0
[  244340ms] [ERROR] Failed to load resource: the server responded with a status of 404 (File not found) @ http://localhost:8901/Bio%20and%20pannel/Fotos/foto-5.png:0
[  244349ms] [ERROR] Failed to load resource: the server responded with a status of 404 (File not found) @ http://localhost:8901/Bio%20and%20pannel/Fotos/foto-5.png:0
[  244357ms] [ERROR] Failed to load resource: the server responded with a status of 404 (File not found) @ http://localhost:8901/Bio%20and%20pannel/Fotos/foto-5.png:0
[  244365ms] [ERROR] Failed to load resource: the server responded with a status of 404 (File not found) @ http://localhost:8901/Bio%20and%20pannel/Fotos/foto-5.png:0
[  244374ms] [ERROR] Failed to load resource: the server responded with a status of 404 (File not found) @ http://localhost:8901/Bio%20and%20pannel/Fotos/foto-5.png:0
[  244382ms] [ERROR] Failed to load resource: the server responded with a status of 404 (File not found) @ http://localhost:8901/Bio%20and%20pannel/Fotos/foto-5.png:0
[  244390ms] [ERROR] Failed to load resource: the server responded with a status of 404 (File not found) @ http://localhost:8901/Bio%20and%20pannel/Fotos/foto-5.png:0
[  244398ms] [ERROR] Failed to load resource: the server responded with a status of 404 (File not found) @ http://localhost:8901/Bio%20and%20pannel/Fotos/foto-5.png:0
[  244403ms] [ERROR] Failed to load resource: the server responded with a status of 404 (File not found) @ http://localhost:8901/Bio%20and%20pannel/Fotos/foto-5.png:0
[  244411ms] [ERROR] Failed to load resource: the server responded with a status of 404 (File not found) @ http://localhost:8901/Bio%20and%20pannel/Fotos/foto-5.png:0
[  244419ms] [ERROR] Failed to load resource: the server responded with a status of 404 (File not found) @ http://localhost:8901/Bio%20and%20pannel/Fotos/foto-5.png:0
[  244429ms] [ERROR] Failed to load resource: the server responded with a status of 404 (File not found) @ http://localhost:8901/Bio%20and%20pannel/Fotos/foto-5.png:0
[  244451ms] [ERROR] Failed to load resource: the server responded with a status of 404 (File not found) @ http://localhost:8901/Bio%20and%20pannel/Fotos/foto-5.png:0
[  244462ms] [ERROR] Failed to load resource: the server responded with a status of 404 (File not found) @ http://localhost:8901/Bio%20and%20pannel/Fotos/foto-5.png:0
[  244470ms] [ERROR] Failed to load resource: the server responded with a status of 404 (File not found) @ http://localhost:8901/Bio%20and%20pannel/Fotos/foto-5.png:0
[  244480ms] [ERROR] Failed to load resource: the server responded with a status of 404 (File not found) @ http://localhost:8901/Bio%20and%20pannel/Fotos/foto-5.png:0
[  244490ms] [ERROR] Failed to load resource: the server responded with a status of 404 (File not found) @ http://localhost:8901/Bio%20and%20pannel/Fotos/foto-5.png:0
[  244498ms] [ERROR] Failed to load resource: the server responded with a status of 404 (File not found) @ http://localhost:8901/Bio%20and%20pannel/Fotos/foto-5.png:0
[  244506ms] [ERROR] Failed to load resource: the server responded with a status of 404 (File not found) @ http://localhost:8901/Bio%20and%20pannel/Fotos/foto-5.png:0
[  244595ms] [ERROR] Failed to load resource: the server responded with a status of 404 (File not found) @ http://localhost:8901/Bio%20and%20pannel/Fotos/foto-5.png:0
[  244603ms] [ERROR] Failed to load resource: the server responded with a status of 404 (File not found) @ http://localhost:8901/Bio%20and%20pannel/Fotos/foto-5.png:0
[  244612ms] [ERROR] Failed to load resource: the server responded with a status of 404 (File not found) @ http://localhost:8901/Bio%20and%20pannel/Fotos/foto-5.png:0
[  244651ms] [ERROR] Failed to load resource: the server responded with a status of 404 (File not found) @ http://localhost:8901/Bio%20and%20pannel/Fotos/foto-5.png:0
[  244660ms] [ERROR] Failed to load resource: the server responded with a status of 404 (File not found) @ http://localhost:8901/Bio%20and%20pannel/Fotos/foto-5.png:0
[  244669ms] [ERROR] Failed to load resource: the server responded with a status of 404 (File not found) @ http://localhost:8901/Bio%20and%20pannel/Fotos/foto-5.png:0
[  244677ms] [ERROR] Failed to load resource: the server responded with a status of 404 (File not found) @ http://localhost:8901/Bio%20and%20pannel/Fotos/foto-5.png:0
[  244686ms] [ERROR] Failed to load resource: the server responded with a status of 404 (File not found) @ http://localhost:8901/Bio%20and%20pannel/Fotos/foto-5.png:0
[  244694ms] [ERROR] Failed to load resource: the server responded with a status of 404 (File not found) @ http://localhost:8901/Bio%20and%20pannel/Fotos/foto-5.png:0
[  244702ms] [ERROR] Failed to load resource: the server responded with a status of 404 (File not found) @ http://localhost:8901/Bio%20and%20pannel/Fotos/foto-5.png:0
[  244773ms] [ERROR] Failed to load resource: the server responded with a status of 404 (File not found) @ http://localhost:8901/Bio%20and%20pannel/Fotos/foto-5.png:0
[  244789ms] [ERROR] Failed to load resource: the server responded with a status of 404 (File not found) @ http://localhost:8901/Bio%20and%20pannel/Fotos/foto-5.png:0
[  244803ms] [ERROR] Failed to load resource: the server responded with a status of 404 (File not found) @ http://localhost:8901/Bio%20and%20pannel/Fotos/foto-5.png:0
[  244811ms] [ERROR] Failed to load resource: the server responded with a status of 404 (File not found) @ http://localhost:8901/Bio%20and%20pannel/Fotos/foto-5.png:0
[  244819ms] [ERROR] Failed to load resource: the server responded with a status of 404 (File not found) @ http://localhost:8901/Bio%20and%20pannel/Fotos/foto-5.png:0
[  244827ms] [ERROR] Failed to load resource: the server responded with a status of 404 (File not found) @ http://localhost:8901/Bio%20and%20pannel/Fotos/foto-5.png:0
[  244836ms] [ERROR] Failed to load resource: the server responded with a status of 404 (File not found) @ http://localhost:8901/Bio%20and%20pannel/Fotos/foto-5.png:0
[  244844ms] [ERROR] Failed to load resource: the server responded with a status of 404 (File not found) @ http://localhost:8901/Bio%20and%20pannel/Fotos/foto-5.png:0
[  244852ms] [ERROR] Failed to load resource: the server responded with a status of 404 (File not found) @ http://localhost:8901/Bio%20and%20pannel/Fotos/foto-5.png:0
[  244860ms] [ERROR] Failed to load resource: the server responded with a status of 404 (File not found) @ http://localhost:8901/Bio%20and%20pannel/Fotos/foto-5.png:0
[  244869ms] [ERROR] Failed to load resource: the server responded with a status of 404 (File not found) @ http://localhost:8901/Bio%20and%20pannel/Fotos/foto-5.png:0
[  244877ms] [ERROR] Failed to load resource: the server responded with a status of 404 (File not found) @ http://localhost:8901/Bio%20and%20pannel/Fotos/foto-5.png:0
[  245006ms] [ERROR] Failed to load resource: the server responded with a status of 404 (File not found) @ http://localhost:8901/Bio%20and%20pannel/Fotos/foto-5.png:0
[  245243ms] [ERROR] Failed to load resource: the server responded with a status of 404 (File not found) @ http://localhost:8901/Bio%20and%20pannel/Fotos/foto-5.png:0
[  245252ms] [ERROR] Failed to load resource: the server responded with a status of 404 (File not found) @ http://localhost:8901/Bio%20and%20pannel/Fotos/foto-5.png:0
[  245260ms] [ERROR] Failed to load resource: the server responded with a status of 404 (File not found) @ http://localhost:8901/Bio%20and%20pannel/Fotos/foto-5.png:0
[  245268ms] [ERROR] Failed to load resource: the server responded with a status of 404 (File not found) @ http://localhost:8901/Bio%20and%20pannel/Fotos/foto-5.png:0
[  245277ms] [ERROR] Failed to load resource: the server responded with a status of 404 (File not found) @ http://localhost:8901/Bio%20and%20pannel/Fotos/foto-5.png:0
[  245286ms] [ERROR] Failed to load resource: the server responded with a status of 404 (File not found) @ http://localhost:8901/Bio%20and%20pannel/Fotos/foto-5.png:0
[  245294ms] [ERROR] Failed to load resource: the server responded with a status of 404 (File not found) @ http://localhost:8901/Bio%20and%20pannel/Fotos/foto-5.png:0
[  245302ms] [ERROR] Failed to load resource: the server responded with a status of 404 (File not found) @ http://localhost:8901/Bio%20and%20pannel/Fotos/foto-5.png:0
[  245310ms] [ERROR] Failed to load resource: the server responded with a status of 404 (File not found) @ http://localhost:8901/Bio%20and%20pannel/Fotos/foto-5.png:0
[  245317ms] [ERROR] Failed to load resource: the server responded with a status of 404 (File not found) @ http://localhost:8901/Bio%20and%20pannel/Fotos/foto-5.png:0
[  245324ms] [ERROR] Failed to load resource: the server responded with a status of 404 (File not found) @ http://localhost:8901/Bio%20and%20pannel/Fotos/foto-5.png:0
[  245419ms] [ERROR] Failed to load resource: the server responded with a status of 404 (File not found) @ http://localhost:8901/Bio%20and%20pannel/Fotos/foto-5.png:0
[  245614ms] [ERROR] Failed to load resource: the server responded with a status of 404 (File not found) @ http://localhost:8901/Bio%20and%20pannel/Fotos/foto-5.png:0
[  245619ms] [ERROR] Failed to load resource: the server responded with a status of 404 (File not found) @ http://localhost:8901/Bio%20and%20pannel/Fotos/foto-5.png:0
[  245627ms] [ERROR] Failed to load resource: the server responded with a status of 404 (File not found) @ http://localhost:8901/Bio%20and%20pannel/Fotos/foto-5.png:0
[  245651ms] [ERROR] Failed to load resource: the server responded with a status of 404 (File not found) @ http://localhost:8901/Bio%20and%20pannel/Fotos/foto-5.png:0
[  245661ms] [ERROR] Failed to load resource: the server responded with a status of 404 (File not found) @ http://localhost:8901/Bio%20and%20pannel/Fotos/foto-5.png:0
[  245700ms] [ERROR] Failed to load resource: the server responded with a status of 404 (File not found) @ http://localhost:8901/Bio%20and%20pannel/Fotos/foto-5.png:0
[  245711ms] [ERROR] Failed to load resource: the server responded with a status of 404 (File not found) @ http://localhost:8901/Bio%20and%20pannel/Fotos/foto-5.png:0
[  245718ms] [ERROR] Failed to load resource: the server responded with a status of 404 (File not found) @ http://localhost:8901/Bio%20and%20pannel/Fotos/foto-5.png:0
[  245725ms] [ERROR] Failed to load resource: the server responded with a status of 404 (File not found) @ http://localhost:8901/Bio%20and%20pannel/Fotos/foto-5.png:0
[  245741ms] [ERROR] Failed to load resource: the server responded with a status of 404 (File not found) @ http://localhost:8901/Bio%20and%20pannel/Fotos/foto-5.png:0
[  245749ms] [ERROR] Failed to load resource: the server responded with a status of 404 (File not found) @ http://localhost:8901/Bio%20and%20pannel/Fotos/foto-5.png:0
[  245757ms] [ERROR] Failed to load resource: the server responded with a status of 404 (File not found) @ http://localhost:8901/Bio%20and%20pannel/Fotos/foto-5.png:0
[  245766ms] [ERROR] Failed to load resource: the server responded with a status of 404 (File not found) @ http://localhost:8901/Bio%20and%20pannel/Fotos/foto-5.png:0
[  245774ms] [ERROR] Failed to load resource: the server responded with a status of 404 (File not found) @ http://localhost:8901/Bio%20and%20pannel/Fotos/foto-5.png:0
[  245782ms] [ERROR] Failed to load resource: the server responded with a status of 404 (File not found) @ http://localhost:8901/Bio%20and%20pannel/Fotos/foto-5.png:0
[  245791ms] [ERROR] Failed to load resource: the server responded with a status of 404 (File not found) @ http://localhost:8901/Bio%20and%20pannel/Fotos/foto-5.png:0
[  245803ms] [ERROR] Failed to load resource: the server responded with a status of 404 (File not found) @ http://localhost:8901/Bio%20and%20pannel/Fotos/foto-5.png:0
[  245819ms] [ERROR] Failed to load resource: the server responded with a status of 404 (File not found) @ http://localhost:8901/Bio%20and%20pannel/Fotos/foto-5.png:0
[  245827ms] [ERROR] Failed to load resource: the server responded with a status of 404 (File not found) @ http://localhost:8901/Bio%20and%20pannel/Fotos/foto-5.png:0
[  245843ms] [ERROR] Failed to load resource: the server responded with a status of 404 (File not found) @ http://localhost:8901/Bio%20and%20pannel/Fotos/foto-5.png:0
[  245852ms] [ERROR] Failed to load resource: the server responded with a status of 404 (File not found) @ http://localhost:8901/Bio%20and%20pannel/Fotos/foto-5.png:0
[  245867ms] [ERROR] Failed to load resource: the server responded with a status of 404 (File not found) @ http://localhost:8901/Bio%20and%20pannel/Fotos/foto-5.png:0
[  245877ms] [ERROR] Failed to load resource: the server responded with a status of 404 (File not found) @ http://localhost:8901/Bio%20and%20pannel/Fotos/foto-5.png:0
[  245886ms] [ERROR] Failed to load resource: the server responded with a status of 404 (File not found) @ http://localhost:8901/Bio%20and%20pannel/Fotos/foto-5.png:0
[  245895ms] [ERROR] Failed to load resource: the server responded with a status of 404 (File not found) @ http://localhost:8901/Bio%20and%20pannel/Fotos/foto-5.png:0
[  245907ms] [ERROR] Failed to load resource: the server responded with a status of 404 (File not found) @ http://localhost:8901/Bio%20and%20pannel/Fotos/foto-5.png:0
[  245914ms] [ERROR] Failed to load resource: the server responded with a status of 404 (File not found) @ http://localhost:8901/Bio%20and%20pannel/Fotos/foto-5.png:0
[  245925ms] [ERROR] Failed to load resource: the server responded with a status of 404 (File not found) @ http://localhost:8901/Bio%20and%20pannel/Fotos/foto-5.png:0
[  245933ms] [ERROR] Failed to load resource: the server responded with a status of 404 (File not found) @ http://localhost:8901/Bio%20and%20pannel/Fotos/foto-5.png:0
[  245942ms] [ERROR] Failed to load resource: the server responded with a status of 404 (File not found) @ http://localhost:8901/Bio%20and%20pannel/Fotos/foto-5.png:0
[  246060ms] [ERROR] Failed to load resource: the server responded with a status of 404 (File not found) @ http://localhost:8901/Bio%20and%20pannel/Fotos/foto-5.png:0
[  247684ms] [ERROR] Failed to load resource: the server responded with a status of 404 (File not found) @ http://localhost:8901/Bio%20and%20pannel/Fotos/foto-5.png:0
[  251084ms] [ERROR] Failed to load resource: the server responded with a status of 404 (File not found) @ http://localhost:8901/Bio%20and%20pannel/Fotos/foto-5.png:0
[  253624ms] [ERROR] Failed to load resource: the server responded with a status of 404 (File not found) @ http://localhost:8901/Bio%20and%20pannel/Fotos/foto-5.png:0
[  256435ms] [ERROR] Failed to load resource: the server responded with a status of 404 (File not found) @ http://localhost:8901/Bio%20and%20pannel/Fotos/foto-5.png:0
[  257820ms] [ERROR] Failed to load resource: the server responded with a status of 404 (File not found) @ http://localhost:8901/Bio%20and%20pannel/Fotos/foto-5.png:0
[  261531ms] [ERROR] Failed to load resource: the server responded with a status of 404 (File not found) @ http://localhost:8901/Bio%20and%20pannel/Fotos/foto-5.png:0
[  261541ms] [ERROR] Failed to load resource: the server responded with a status of 404 (File not found) @ http://localhost:8901/Bio%20and%20pannel/Fotos/foto-5.png:0
[  261556ms] [ERROR] Failed to load resource: the server responded with a status of 404 (File not found) @ http://localhost:8901/Bio%20and%20pannel/Fotos/foto-5.png:0
[  261565ms] [ERROR] Failed to load resource: the server responded with a status of 404 (File not found) @ http://localhost:8901/Bio%20and%20pannel/Fotos/foto-5.png:0
[  261574ms] [ERROR] Failed to load resource: the server responded with a status of 404 (File not found) @ http://localhost:8901/Bio%20and%20pannel/Fotos/foto-5.png:0
[  261582ms] [ERROR] Failed to load resource: the server responded with a status of 404 (File not found) @ http://localhost:8901/Bio%20and%20pannel/Fotos/foto-5.png:0
[  261591ms] [ERROR] Failed to load resource: the server responded with a status of 404 (File not found) @ http://localhost:8901/Bio%20and%20pannel/Fotos/foto-5.png:0
[  261607ms] [ERROR] Failed to load resource: the server responded with a status of 404 (File not found) @ http://localhost:8901/Bio%20and%20pannel/Fotos/foto-5.png:0
[  261806ms] [ERROR] Failed to load resource: the server responded with a status of 404 (File not found) @ http://localhost:8901/Bio%20and%20pannel/Fotos/foto-5.png:0
[  261915ms] [ERROR] Failed to load resource: the server responded with a status of 404 (File not found) @ http://localhost:8901/Bio%20and%20pannel/Fotos/foto-5.png:0
[  261948ms] [ERROR] Failed to load resource: the server responded with a status of 404 (File not found) @ http://localhost:8901/Bio%20and%20pannel/Fotos/foto-5.png:0
[  262040ms] [ERROR] Failed to load resource: the server responded with a status of 404 (File not found) @ http://localhost:8901/Bio%20and%20pannel/Fotos/foto-5.png:0
[  262090ms] [ERROR] Failed to load resource: the server responded with a status of 404 (File not found) @ http://localhost:8901/Bio%20and%20pannel/Fotos/foto-5.png:0
[  262098ms] [ERROR] Failed to load resource: the server responded with a status of 404 (File not found) @ http://localhost:8901/Bio%20and%20pannel/Fotos/foto-5.png:0
[  262107ms] [ERROR] Failed to load resource: the server responded with a status of 404 (File not found) @ http://localhost:8901/Bio%20and%20pannel/Fotos/foto-5.png:0
[  262115ms] [ERROR] Failed to load resource: the server responded with a status of 404 (File not found) @ http://localhost:8901/Bio%20and%20pannel/Fotos/foto-5.png:0
[  262123ms] [ERROR] Failed to load resource: the server responded with a status of 404 (File not found) @ http://localhost:8901/Bio%20and%20pannel/Fotos/foto-5.png:0
[  262132ms] [ERROR] Failed to load resource: the server responded with a status of 404 (File not found) @ http://localhost:8901/Bio%20and%20pannel/Fotos/foto-5.png:0
[  262140ms] [ERROR] Failed to load resource: the server responded with a status of 404 (File not found) @ http://localhost:8901/Bio%20and%20pannel/Fotos/foto-5.png:0
[  262656ms] [ERROR] Failed to load resource: the server responded with a status of 404 (File not found) @ http://localhost:8901/Bio%20and%20pannel/Fotos/foto-5.png:0
[  262681ms] [ERROR] Failed to load resource: the server responded with a status of 404 (File not found) @ http://localhost:8901/Bio%20and%20pannel/Fotos/foto-5.png:0
[  262698ms] [ERROR] Failed to load resource: the server responded with a status of 404 (File not found) @ http://localhost:8901/Bio%20and%20pannel/Fotos/foto-5.png:0
[  262740ms] [ERROR] Failed to load resource: the server responded with a status of 404 (File not found) @ http://localhost:8901/Bio%20and%20pannel/Fotos/foto-5.png:0
[  262790ms] [ERROR] Failed to load resource: the server responded with a status of 404 (File not found) @ http://localhost:8901/Bio%20and%20pannel/Fotos/foto-5.png:0
[  262848ms] [ERROR] Failed to load resource: the server responded with a status of 404 (File not found) @ http://localhost:8901/Bio%20and%20pannel/Fotos/foto-5.png:0
[  262865ms] [ERROR] Failed to load resource: the server responded with a status of 404 (File not found) @ http://localhost:8901/Bio%20and%20pannel/Fotos/foto-5.png:0
[  262881ms] [ERROR] Failed to load resource: the server responded with a status of 404 (File not found) @ http://localhost:8901/Bio%20and%20pannel/Fotos/foto-5.png:0
[  262890ms] [ERROR] Failed to load resource: the server responded with a status of 404 (File not found) @ http://localhost:8901/Bio%20and%20pannel/Fotos/foto-5.png:0
[  262898ms] [ERROR] Failed to load resource: the server responded with a status of 404 (File not found) @ http://localhost:8901/Bio%20and%20pannel/Fotos/foto-5.png:0
[  262907ms] [ERROR] Failed to load resource: the server responded with a status of 404 (File not found) @ http://localhost:8901/Bio%20and%20pannel/Fotos/foto-5.png:0
[  262915ms] [ERROR] Failed to load resource: the server responded with a status of 404 (File not found) @ http://localhost:8901/Bio%20and%20pannel/Fotos/foto-5.png:0
[  262924ms] [ERROR] Failed to load resource: the server responded with a status of 404 (File not found) @ http://localhost:8901/Bio%20and%20pannel/Fotos/foto-5.png:0
[  262932ms] [ERROR] Failed to load resource: the server responded with a status of 404 (File not found) @ http://localhost:8901/Bio%20and%20pannel/Fotos/foto-5.png:0
[  262940ms] [ERROR] Failed to load resource: the server responded with a status of 404 (File not found) @ http://localhost:8901/Bio%20and%20pannel/Fotos/foto-5.png:0
[  262965ms] [ERROR] Failed to load resource: the server responded with a status of 404 (File not found) @ http://localhost:8901/Bio%20and%20pannel/Fotos/foto-5.png:0
[  265642ms] [ERROR] Failed to load resource: the server responded with a status of 404 (File not found) @ http://localhost:8901/Bio%20and%20pannel/Fotos/foto-5.png:0
[  268022ms] [ERROR] Failed to load resource: the server responded with a status of 404 (File not found) @ http://localhost:8901/Bio%20and%20pannel/Fotos/foto-5.png:0
[  268216ms] [ERROR] Failed to load resource: the server responded with a status of 404 (File not found) @ http://localhost:8901/Bio%20and%20pannel/Fotos/foto-5.png:0
[  268224ms] [ERROR] Failed to load resource: the server responded with a status of 404 (File not found) @ http://localhost:8901/Bio%20and%20pannel/Fotos/foto-5.png:0
[  268232ms] [ERROR] Failed to load resource: the server responded with a status of 404 (File not found) @ http://localhost:8901/Bio%20and%20pannel/Fotos/foto-5.png:0
[  268241ms] [ERROR] Failed to load resource: the server responded with a status of 404 (File not found) @ http://localhost:8901/Bio%20and%20pannel/Fotos/foto-5.png:0
[  268248ms] [ERROR] Failed to load resource: the server responded with a status of 404 (File not found) @ http://localhost:8901/Bio%20and%20pannel/Fotos/foto-5.png:0
[  268257ms] [ERROR] Failed to load resource: the server responded with a status of 404 (File not found) @ http://localhost:8901/Bio%20and%20pannel/Fotos/foto-5.png:0
[  268272ms] [ERROR] Failed to load resource: the server responded with a status of 404 (File not found) @ http://localhost:8901/Bio%20and%20pannel/Fotos/foto-5.png:0
[  268448ms] [ERROR] Failed to load resource: the server responded with a status of 404 (File not found) @ http://localhost:8901/Bio%20and%20pannel/Fotos/foto-5.png:0
[  268457ms] [ERROR] Failed to load resource: the server responded with a status of 404 (File not found) @ http://localhost:8901/Bio%20and%20pannel/Fotos/foto-5.png:0
[  268465ms] [ERROR] Failed to load resource: the server responded with a status of 404 (File not found) @ http://localhost:8901/Bio%20and%20pannel/Fotos/foto-5.png:0
[  270637ms] [ERROR] Failed to load resource: the server responded with a status of 404 (File not found) @ http://localhost:8901/Bio%20and%20pannel/Fotos/foto-5.png:0
[  272956ms] [ERROR] Failed to load resource: the server responded with a status of 404 (File not found) @ http://localhost:8901/Bio%20and%20pannel/Fotos/foto-5.png:0
[  274070ms] [ERROR] Failed to load resource: the server responded with a status of 404 (File not found) @ http://localhost:8901/Bio%20and%20pannel/Fotos/foto-5.png:0
[  275212ms] [ERROR] Failed to load resource: the server responded with a status of 404 (File not found) @ http://localhost:8901/Bio%20and%20pannel/Fotos/foto-5.png:0
[  276421ms] [ERROR] Failed to load resource: the server responded with a status of 404 (File not found) @ http://localhost:8901/Bio%20and%20pannel/Fotos/foto-5.png:0
[  276480ms] [ERROR] Failed to load resource: the server responded with a status of 404 (File not found) @ http://localhost:8901/Bio%20and%20pannel/Fotos/foto-5.png:0
[  276497ms] [ERROR] Failed to load resource: the server responded with a status of 404 (File not found) @ http://localhost:8901/Bio%20and%20pannel/Fotos/foto-5.png:0
[  276506ms] [ERROR] Failed to load resource: the server responded with a status of 404 (File not found) @ http://localhost:8901/Bio%20and%20pannel/Fotos/foto-5.png:0
[  276514ms] [ERROR] Failed to load resource: the server responded with a status of 404 (File not found) @ http://localhost:8901/Bio%20and%20pannel/Fotos/foto-5.png:0
[  276522ms] [ERROR] Failed to load resource: the server responded with a status of 404 (File not found) @ http://localhost:8901/Bio%20and%20pannel/Fotos/foto-5.png:0
[  276531ms] [ERROR] Failed to load resource: the server responded with a status of 404 (File not found) @ http://localhost:8901/Bio%20and%20pannel/Fotos/foto-5.png:0
[  276539ms] [ERROR] Failed to load resource: the server responded with a status of 404 (File not found) @ http://localhost:8901/Bio%20and%20pannel/Fotos/foto-5.png:0
[  276565ms] [ERROR] Failed to load resource: the server responded with a status of 404 (File not found) @ http://localhost:8901/Bio%20and%20pannel/Fotos/foto-5.png:0
[  301547ms] [ERROR] Failed to load resource: the server responded with a status of 404 (File not found) @ http://localhost:8901/Bio%20and%20pannel/Fotos/foto-5.png:0
[  361570ms] [ERROR] Failed to load resource: the server responded with a status of 404 (File not found) @ http://localhost:8901/Bio%20and%20pannel/Fotos/foto-5.png:0
