[     489ms] [WARNING] [@sentry/vue]: Misconfigured SDK. Vue specific errors will not be captured.
Update your `Sentry.init` call with an appropriate config option:
`app` (Application Instance - Vue 3) or `Vue` (Vue Constructor - Vue 2). @ https://tipa.ai/js/chunk-vendors.d6dcad09.js:0
[     516ms] [ERROR] TypeError: this.saveEvent is not a function
    at o.mounted (https://tipa.ai/js/app.031ad607.js:1:50122)
    at zn (https://tipa.ai/js/chunk-vendors.d6dcad09.js:369:29046)
    at fn (https://tipa.ai/js/chunk-vendors.d6dcad09.js:369:24901)
    at Object.insert (https://tipa.ai/js/chunk-vendors.d6dcad09.js:369:15400)
    at R (https://tipa.ai/js/chunk-vendors.d6dcad09.js:369:51491)
    at qr.__patch__ (https://tipa.ai/js/chunk-vendors.d6dcad09.js:369:52807)
    at e._update (https://tipa.ai/js/chunk-vendors.d6dcad09.js:369:22630)
    at qr.r (https://tipa.ai/js/chunk-vendors.d6dcad09.js:369:23350)
    at e.get (https://tipa.ai/js/chunk-vendors.d6dcad09.js:369:27332)
    at new e (https://tipa.ai/js/chunk-vendors.d6dcad09.js:369:27245)
    at cn (https://tipa.ai/js/chunk-vendors.d6dcad09.js:369:23453)
    at qr.$mount (https://tipa.ai/js/chunk-vendors.d6dcad09.js:369:69890)
    at 59107 (https://tipa.ai/js/app.031ad607.js:1:153513)
    at e (https://tipa.ai/js/app.031ad607.js:1:175169)
    at https://tipa.ai/js/app.031ad607.js:1:180758
    at e.O (https://tipa.ai/js/app.031ad607.js:1:175507)
    at https://tipa.ai/js/app.031ad607.js:1:180774
    at https://tipa.ai/js/app.031ad607.js:1:180780 @ https://tipa.ai/js/chunk-vendors.d6dcad09.js:0
[    2005ms] [WARNING] [Meta Pixel] - Duplicate Pixel ID: 762052411465218. @ https://tipa.ai/js/chunk-vendors.d6dcad09.js:0
