[      45ms] [WARNING] cdn.tailwindcss.com should not be used in production. To use Tailwind CSS in production, install it as a PostCSS plugin or use the Tailwind CLI: https://tailwindcss.com/docs/installation @ https://cdn.tailwindcss.com/:63
[     145ms] [ERROR] Failed to load resource: the server responded with a status of 404 (File not found) @ http://localhost:8912/Bio%20and%20pannel/Bio%20and%20pannel/Fotos/foto-5.png:0
[     161ms] ReferenceError: vidho is not defined
    at getEstiloBotaoClasses (http://localhost:8912/Bio%20and%20pannel/Bio%20Linktree%20%26%20Painel%20Admin.html?v=5:1226:16)
    at http://localhost:8912/Bio%20and%20pannel/Bio%20Linktree%20%26%20Painel%20Admin.html?v=5:1300:25
    at Array.forEach (<anonymous>)
    at renderizarLinksDOM (http://localhost:8912/Bio%20and%20pannel/Bio%20Linktree%20%26%20Painel%20Admin.html?v=5:1254:53)
    at dispararAtualizacaoGeral (http://localhost:8912/Bio%20and%20pannel/Bio%20Linktree%20%26%20Painel%20Admin.html?v=5:812:7)
    at HTMLDocument.inicializar (http://localhost:8912/Bio%20and%20pannel/Bio%20Linktree%20%26%20Painel%20Admin.html?v=5:665:7)
[     193ms] [ERROR] Failed to load resource: the server responded with a status of 404 (File not found) @ http://localhost:8912/Bio%20and%20pannel/Bio%20and%20pannel/Fotos/foto-5.png:0
[    8210ms] ReferenceError: vidho is not defined
    at getEstiloBotaoClasses (http://localhost:8912/Bio%20and%20pannel/Bio%20Linktree%20%26%20Painel%20Admin.html?v=5:1226:16)
    at http://localhost:8912/Bio%20and%20pannel/Bio%20Linktree%20%26%20Painel%20Admin.html?v=5:1300:25
    at Array.forEach (<anonymous>)
    at renderizarLinksDOM (http://localhost:8912/Bio%20and%20pannel/Bio%20Linktree%20%26%20Painel%20Admin.html?v=5:1254:53)
    at dispararAtualizacaoGeral (http://localhost:8912/Bio%20and%20pannel/Bio%20Linktree%20%26%20Painel%20Admin.html?v=5:812:7)
    at HTMLSelectElement.onchange (http://localhost:8912/Bio%20and%20pannel/Bio%20Linktree%20%26%20Painel%20Admin.html?v=5:432:211)
    at eval (eval at <anonymous> (eval at evaluate (:368:30)), <anonymous>:3:74)
    at eval (eval at evaluate (:368:30), <anonymous>:4:50)
    at UtilityScript.evaluate (<anonymous>:370:16)
    at UtilityScript.<anonymous> (<anonymous>:1:44)
[    8211ms] ReferenceError: vidho is not defined
    at getEstiloBotaoClasses (http://localhost:8912/Bio%20and%20pannel/Bio%20Linktree%20%26%20Painel%20Admin.html?v=5:1226:16)
    at http://localhost:8912/Bio%20and%20pannel/Bio%20Linktree%20%26%20Painel%20Admin.html?v=5:1300:25
    at Array.forEach (<anonymous>)
    at renderizarLinksDOM (http://localhost:8912/Bio%20and%20pannel/Bio%20Linktree%20%26%20Painel%20Admin.html?v=5:1254:53)
    at dispararAtualizacaoGeral (http://localhost:8912/Bio%20and%20pannel/Bio%20Linktree%20%26%20Painel%20Admin.html?v=5:812:7)
    at HTMLSelectElement.onchange (http://localhost:8912/Bio%20and%20pannel/Bio%20Linktree%20%26%20Painel%20Admin.html?v=5:412:193)
    at eval (eval at <anonymous> (eval at evaluate (:368:30)), <anonymous>:4:81)
    at eval (eval at evaluate (:368:30), <anonymous>:4:50)
    at UtilityScript.evaluate (<anonymous>:370:16)
    at UtilityScript.<anonymous> (<anonymous>:1:44)
[    8219ms] [ERROR] Failed to load resource: the server responded with a status of 404 (File not found) @ http://localhost:8912/Bio%20and%20pannel/Bio%20and%20pannel/Fotos/foto-5.png:0
